src/services/dexRouter.ts(4,10): error TS6133: 'connection' is declared but its value is never read.
src/services/dexRouter.ts(5,1): error TS6192: All imports in import declaration are unused.
src/services/dexRouter.ts(145,87): error TS6133: 'slippage' is declared but its value is never read.
src/services/dexRouter.ts(157,87): error TS6133: 'slippage' is declared but its value is never read.
